     = warning: this was previously accepted by the compiler but is being phased out; it will become a hard error in a future release!
warning: unused import: `crate::error::WrapErr`
27 | use crate::error::WrapErr;
19 | use fuel_core_types::{Context, DType, DimVec, Error as E, Layout, Result, Shape, bail};
15 | use crate::{Device, Error, Result};
note: the name `Error` in the type namespace is supposed to be publicly re-exported here
15 | use crate::{Device, Error, Result};
15 | use crate::{Device, Error, Result};
15 | use crate::{Device, Error, Result};
fuel-core\tests\phase6b_cuda_anchor.rs:79:23: error[E0599]: no method named `realize_f32_reference` found for enum `Result<T, E>` in the current scope: method not found in `Result<LazyTensor, fuel_core::Error>`
fuel-core\tests\phase6b_cuda_anchor.rs:83:22: error[E0599]: no method named `realize_f32_cuda` found for enum `Result<T, E>` in the current scope: method not found in `Result<LazyTensor, fuel_core::Error>`
fuel-core\tests\phase6b_cuda_anchor.rs:213:24: error[E0308]: mismatched types: expected `&LazyTensor`, found `&Result<LazyTensor, Error>`
fuel-core\tests\phase6b_cuda_anchor.rs:221:15: error[E0063]: missing field `activation` in initializer of `fuel_core::lazy_sd_text_encoder::ClipTextConfig`: missing `activation`
fuel-core\tests\phase6b_cuda_anchor.rs:249:24: error[E0308]: mismatched types: expected `&LazyTensor`, found `&Result<LazyTensor, Error>`
fuel-core\tests\phase6b_cuda_anchor.rs:312:24: error[E0308]: mismatched types: expected `&LazyTensor`, found `&Result<LazyTensor, Error>`
fuel-core\tests\phase6b_cuda_anchor.rs:331:49: error[E0308]: mismatched types: expected `&LazyTensor`, found `&Result<LazyTensor, Error>`
fuel-core\tests\phase6b_cuda_anchor.rs:332:24: error[E0308]: mismatched types: expected `&LazyTensor`, found `&Result<LazyTensor, Error>`
fuel-core\tests\phase6b_cuda_anchor.rs:349:24: error[E0308]: mismatched types: expected `&LazyTensor`, found `&Result<LazyTensor, Error>`
fuel-core\tests\phase6b_cuda_anchor.rs:370:24: error[E0308]: mismatched types: expected `&LazyTensor`, found `&Result<LazyTensor, Error>`
fuel-core\tests\phase6b_cuda_anchor.rs:386:29: error[E0609]: no field `cls_logits` on type `Result<YoloV8RawOutput, fuel_core::Error>`: unknown field
fuel-core\tests\phase6b_cuda_anchor.rs:387:29: error[E0609]: no field `reg_dists` on type `Result<YoloV8RawOutput, fuel_core::Error>`: unknown field
error: could not compile `fuel-core` (test "phase6b_cuda_anchor") due to 12 previous errors
